537580451
537580454
1612748345
-2144638496
-531890151
1618438649
1086548498
-1589980149
34148797
-1555831351
-984102098
1755033848
770931757
-1769001691
-461196934
2064768672
1603571738
-626626886

125
